// Jest Snapshot v1, https://goo.gl/fbAQLP

exports[`reset_pairs moves everything from non-exempt PBs to floating 1`] = `
{
  "floating": {
    "exempt": false,
    "id": "-1",
    "name": "floating_board_name",
  },
  "id": "project_id",
  "name": "project_name",
  "pairingBoards": [
    {
      "exempt": false,
      "id": "red_id",
      "name": "red_start",
    },
    {
      "exempt": false,
      "id": "blue_id",
      "name": "blue_start",
    },
    {
      "exempt": true,
      "id": "exempt",
      "name": "out_of_office",
    },
  ],
  "people": [
    {
      "id": "red_parrit_id",
      "name": "red_parrit",
      "pairing_board_id": "-1",
      "type": "Person",
    },
    {
      "id": "absent",
      "name": "Permanent Vacation",
      "pairing_board_id": "exempt",
      "type": "Person",
    },
    {
      "id": "floater_id",
      "name": "floater_name_start",
      "pairing_board_id": "-1",
      "type": "Person",
    },
  ],
  "roles": [
    {
      "id": "blue_role",
      "name": "Blue Role",
      "pairing_board_id": "blue_id",
      "type": "Role",
    },
    {
      "id": "ooo",
      "name": "OOOROLE",
      "pairing_board_id": "exempt",
      "type": "Role",
    },
  ],
}
`;
